// Jest Snapshot v1, https://goo.gl/fbAQLP

exports[`Error404 --- test render correctly component render correctly component Error404 1`] = `
<h1>
  Page Not Found
</h1>
`;
